{
    "$schema": "https://schema.management.azure.com/schemas/2015-01-01/deploymentParameters.json#",
    "contentVersion": "1.0.0.0",
    "parameters": {
        "workspaceName": {
            "value": "my-syn-synaps-dev"
        },
        "1-simple-linked-service_properties_typeProperties_url":{
            "value": "https://mystsynapsdev.dfs.core.windows.net"
        },
        "2-simple-linked-service_properties_typeProperties_url":{
            "value": "https://mystsynapsdev.dfs.core.windows.net"
        }
    }
}