{
    "$schema": "http://schema.management.azure.com/schemas/2015-01-01/deploymentTemplate.json#",
    "contentVersion": "1.0.0.0",
    "resources": [
        {
            "name": "[concat(parameters('workspaceName'), '/1-simple-notebook')]",
            "properties": {
                "nbformat": 4,
                "nbformat_minor": 2,
                "bigDataPool": {
                    "referenceName": "[parameters('1-simple-notebook_properties_bigDataPool_referenceName')]",
                    "type": "BigDataPoolReference"
                },
                "sessionProperties": {
                    "driverMemory": "28g",
                    "driverCores": 4,
                    "executorMemory": "28g",
                    "executorCores": 4,
                    "numExecutors": 2,
                    "conf": {
                        "spark.dynamicAllocation.enabled": "false",
                        "spark.dynamicAllocation.minExecutors": "2",
                        "spark.dynamicAllocation.maxExecutors": "2",
                        "spark.autotune.trackingId": "b72e573e-150f-4026-b36c-5ac7adbc3948"
                    }
                },
                "metadata": {
                    "saveOutput": true,
                    "enableDebugMode": false,
                    "kernelspec": {
                        "name": "synapse_pyspark",
                        "display_name": "python"
                    },
                    "language_info": {
                        "name": "python"
                    },
                    "a365ComputeOptions": {
                        "id": "/subscriptions/f7256e7b-4859-4bf1-af37-6d8bbf16129f/resourceGroups/my-rg-synaps-dev/providers/Microsoft.Synapse/workspaces/my-syn-synaps-dev/bigDataPools/sparkpool",
                        "name": "sparkpool",
                        "type": "Spark",
                        "endpoint": "https://my-syn-synaps-dev.dev.azuresynapse.net/livyApi/versions/2019-11-01-preview/sparkPools/sparkpool",
                        "auth": {
                            "type": "AAD",
                            "authResource": "https://dev.azuresynapse.net"
                        },
                        "sparkVersion": "3.1",
                        "nodeCount": 10,
                        "cores": 4,
                        "memory": 28,
                        "extraHeader": null
                    },
                    "sessionKeepAliveTimeout": 30
                },
                "cells": [
                    {
                        "cell_type": "code",
                        "source": [
                            "print('Hello World')"
                        ],
                        "attachments": null,
                        "execution_count": null
                    }
                ]
            },
            "type": "Microsoft.Synapse/workspaces/notebooks",
            "apiVersion": "2015-01-01",
            "dependsOn": []
        },
        {
                "name": "[concat(parameters('workspaceName'), '/2-simple-notebook')]",
                "properties": {
                    "nbformat": 4,
                    "nbformat_minor": 2,
                    "bigDataPool": {
                        "referenceName": "[parameters('2-simple-notebook_properties_bigDataPool_referenceName')]",
                        "type": "BigDataPoolReference"
                    },
                    "sessionProperties": {
                        "driverMemory": "28g",
                        "driverCores": 4,
                        "executorMemory": "28g",
                        "executorCores": 4,
                        "numExecutors": 2,
                        "conf": {
                            "spark.dynamicAllocation.enabled": "false",
                            "spark.dynamicAllocation.minExecutors": "2",
                            "spark.dynamicAllocation.maxExecutors": "2",
                            "spark.autotune.trackingId": "b72e573e-150f-4026-b36c-5ac7adbc3948"
                        }
                    },
                    "metadata": {
                        "saveOutput": true,
                        "enableDebugMode": false,
                        "kernelspec": {
                            "name": "synapse_pyspark",
                            "display_name": "python"
                        },
                        "language_info": {
                            "name": "python"
                        },
                        "a365ComputeOptions": {
                            "id": "/subscriptions/f7256e7b-4859-4bf1-af37-6d8bbf16129f/resourceGroups/my-rg-synaps-dev/providers/Microsoft.Synapse/workspaces/my-syn-synaps-dev/bigDataPools/sparkpool",
                            "name": "sparkpool",
                            "type": "Spark",
                            "endpoint": "https://my-syn-synaps-dev.dev.azuresynapse.net/livyApi/versions/2019-11-01-preview/sparkPools/sparkpool",
                            "auth": {
                                "type": "AAD",
                                "authResource": "https://dev.azuresynapse.net"
                            },
                            "sparkVersion": "3.1",
                            "nodeCount": 10,
                            "cores": 4,
                            "memory": 28,
                            "extraHeader": null
                        },
                        "sessionKeepAliveTimeout": 30
                    },
                    "cells": [
                        {
                            "cell_type": "code",
                            "source": [
                                "print('Hello World')"
                            ],
                            "attachments": null,
                            "execution_count": null
                        }
                    ]
            },
            "type": "Microsoft.Synapse/workspaces/notebooks",
            "apiVersion": "2015-01-01",
            "dependsOn": []
        }
    ],
    "parameters": {
        "workspaceName": {
            "type": "string",
            "metadata": "Workspace name",
            "defaultValue": "my-syn-synaps-dev"
        },
        "1-simple-notebook_properties_bigDataPool_referenceName":{
            "defaultValue": "sparkpool",
            "type": "string"
        },
        "2-simple-notebook_properties_bigDataPool_referenceName":{
            "defaultValue": "sparkpool",
            "type": "string"
        }
    },
    "variables": {
        "workspaceId": "[concat('Microsoft.Synapse/workspaces/', parameters('workspaceName'))]"
    }
}