{
    "$schema": "https://schema.management.azure.com/schemas/2015-01-01/deploymentParameters.json#",
    "contentVersion": "1.0.0.0",
    "parameters": {
        "workspaceName": {
            "value": "my-syn-synaps-dev"
        },
        "1-simple-trigger_properties_typeProperties_recurrence_startTime":{
            "value": "2022-05-05T05:00:00Z"
        },
        "1-simple-trigger_properties_typeProperties_recurrence_timeZone":{
            "value": "UTC"
        },
        "1-simple-trigger_properties_typeProperties_recurrence_triggerSuffix":{
            "value": 30
        },
        "1-simple-trigger_freq":{
            "value": "Minute"
        },
        "2-simple-trigger_properties_typeProperties_recurrence_startTime":{
            "value": "2022-05-05T05:00:00Z"
        },
        "2-simple-trigger_properties_typeProperties_recurrence_timeZone":{
            "value": "UTC"
        },
        "2-simple-trigger_properties_typeProperties_recurrence_triggerSuffix":{
            "value": 30
        },
        "2-simple-trigger_freq":{
            "value": "Minute"
        },
        "3-simple-trigger_properties_typeProperties_recurrence_startTime":{
            "value": "2022-05-05T05:00:00Z"
        },
        "3-simple-trigger_properties_typeProperties_recurrence_timeZone":{
            "value": "UTC"
        },
        "3-simple-trigger_properties_typeProperties_recurrence_triggerSuffix":{
            "value": 30
        },
        "3-simple-trigger_freq":{
            "value": "Minute"
        }
    }
}